// Jest Snapshot v1, https://goo.gl/fbAQLP

exports[`SearchBox.tsx renders correctly 1`] = `
<View
  accessible={true}
  collapsable={false}
  focusable={true}
  onBlur={[Function]}
  onClick={[Function]}
  onFocus={[Function]}
  onResponderGrant={[Function]}
  onResponderMove={[Function]}
  onResponderRelease={[Function]}
  onResponderTerminate={[Function]}
  onResponderTerminationRequest={[Function]}
  onStartShouldSetResponder={[Function]}
  style={
    Object {
      "backgroundColor": "#008ACE",
      "borderRadius": 4,
      "marginTop": 35,
      "paddingVertical": 15,
      "width": "100%",
    }
  }
>
  <Text
    style={
      Object {
        "color": "#FFFFFF",
        "fontSize": 15,
        "fontWeight": "500",
        "lineHeight": 16,
        "textAlign": "center",
        "textTransform": "uppercase",
      }
    }
  >
    Submit
  </Text>
</View>
`;
